# Lab Resize tăng size ổ SoftRaid 1 

## 1. Mô hình
- Môi trường openstack 
- Lab VM gồm 3 disk
- rootdisk : 15GB 
- Datadisk chạy soft raid 1 - **/dev/md127** gồm : 
    - **/dev/vdb1** : 7GB
    - **/dev/vdc1** : 7GB

### Yêu cầu : Resize disk ổ data disk lê 10 GB online, không cần tắt VM hay detach ổ khỏi VM 

### Phương án thực hiện : 
- Ngắt một ổ ra khỏi raid
- Thực hiện resize lên với câu lệnh cinder : `cinder --os-volume-api-version 3.42 extend <Volume_ID> <Size> `
- grow partion, sau đó add lại ổ vào raid -> chờ đồng bộ raid xong
- Tiếp tục ngắt ổ còn lại khỏi raid, thực hiện tương tự đến khi grow xong và gắn lại 2 ổ vào raid ( lúc này partion trên ổ đã nhận dung lượng mới)
- Grow raid lên dung lượng mới và resize lại FS của raid

## 2. Các bước thực hiện 

### Check status hiện tại  : 
- Kiểm tra các ổ gắn tại VM với `lsblk` : 
```
vdb       252:16   0    7G  0 disk  
└─vdb1    252:17   0    7G  0 part  
  └─md127   9:127  0    7G  0 raid1 /mnt
vdc       252:32   0    7G  0 disk  
└─vdc1    252:33   0    7G  0 part  
  └─md127   9:127  0    7G  0 raid1 /mnt
```

- Kiểm tra trạng thái raid :
```
# cat /proc/mdstat
Personalities : [raid1] [linear] [multipath] [raid0] [raid6] [raid5] [raid4] [raid10] 
md127 : active raid1 vdc1[3] vdb1[2]
      7333871 blocks super 1.2 [2/2] [UU]
      
unused devices: <none>
```
```
# mdadm -D /dev/md127
/dev/md127:
           Version : 1.2
     Creation Time : Tue Feb 15 18:08:38 2022
        Raid Level : raid1
        Array Size : 7333871 (6.99 GiB 7.51 GB)
     Used Dev Size : 7333871 (6.99 GiB 7.51 GB)
      Raid Devices : 2
     Total Devices : 2
       Persistence : Superblock is persistent

       Update Time : Wed Feb 16 08:53:48 2022
             State : clean 
    Active Devices : 2
   Working Devices : 2
    Failed Devices : 0
     Spare Devices : 0

Consistency Policy : resync

              Name : tulha-nfs-lab:0  (local to host tulha-nfs-lab)
              UUID : 7d86ca79:3fa450bb:7825b932:53792cf2
            Events : 105

    Number   Major   Minor   RaidDevice State
       2     252       17        0      active sync   /dev/vdb1
       3     252       33        1      active sync   /dev/vdc1
```

- **LƯU Ý : khi raid đạt trạng thái đồng bộ hoàn toàn thì mới thao tác được**

### Ngắt partition thành phần ra khỏi raid, tiến hành resize lên 10G rồi gán lại :

- Ngắt partition : ` mdadm /dev/md127 --fail /dev/vdb1 --remove /dev/vdb1`

- Kiểm tra trạng thái raid ( vẫn active nhưng chỉ thấy còn vdc1 là đạt yêu cầu) : 
```
 ~# cat /proc/mdstat
Personalities : [raid1] [linear] [multipath] [raid0] [raid6] [raid5] [raid4] [raid10] 
md127 : active raid1 vdc1[3]
      7333871 blocks super 1.2 [2/1] [_U]
```
- resize ổ lên 10G ( **thực hiện tại openstack controller**) : `cinder --os-volume-api-version 3.42 extend <Volume_ID> <Size>`
- check xem ổ **/dev/vdb** đã nhận dung lượng mới chưa (lsblk), nếu rồi thì grow parition vdb1 lên 10G : 
```
 ~# growpart /dev/vdb 1
CHANGED: partition=1 start=2048 old: size=14677983 end=14680031 new: size=20969439 end=20971487
```
- Như này là đạt yêu cầu : 
```
vdb       252:16   0   10G  0 disk  
└─vdb1    252:17   0   10G  0 part
```
- Gán lại partition **dev/vdb1** vào raid **/dev/md127**:
```
# mdadm -a /dev/md127 /dev/vdb1
mdadm: added /dev/vdb1
```
- Đợi đồng bộ lại raid, `watch cat /proc/mdstat`. Quá trình đồng bộ trông sẽ giống như sau  :
```
Personalities : [raid1] [linear] [multipath] [raid0] [raid6] [raid5] [raid4] [raid10]
md127 : active raid1 vdb1[2] vdc1[3]
      7333871 blocks super 1.2 [2/1] [_U]
      [=============>.......]  recovery = 69.5% (5100096/7333871) finish=0.2min speed=132428K/sec
```
- Sau step này, thực hiện lại tương tự với **/dev/vdc1** , kết quả cần đạt được : 
```
vdb       252:16   0   10G  0 disk  
└─vdb1    252:17   0   10G  0 part  
  └─md127   9:127  0    7G  0 raid1 /mnt
vdc       252:32   0   10G  0 disk  
└─vdc1    252:33   0   10G  0 part  
  └─md127   9:127  0    7G  0 raid1 /mnt
```
- Như vậy, 2 ổ data đã được resize lên 10G mà vẫn đảm bảo raid online, hoạt động bình thường, tiếp theo ta cần grow raid lên và resize lại FS cho raid.

### Grow dung lượng raid, resize fs cho raid : 

- Kiểm tra quá trình sync raid sau khi gán lại ổ thứ 2 đã hoàn tất chưa, nếu rồi mới thực hiện tiếp
- Thực hiện grow cho raid để nhận dung lượng mới 
```
# mdadm --grow /dev/md127 -z max
mdadm: component size of /dev/md127 has been set to 10479599K
```
- Thực hiện resize lại FS cho raid để tăng FS lên phù hợp với dung lượng mới : 
```
# resize2fs  /dev/md127
resize2fs 1.45.5 (07-Jan-2020)
Filesystem at /dev/md127 is mounted on /mnt; on-line resizing required
old_desc_blocks = 1, new_desc_blocks = 2
The filesystem on /dev/md127 is now 2619899 (4k) blocks long.
```
- Kiểm tra lại dung lượng raid : 
```
 ~# df -Th | grep md127
/dev/md127     ext4      9.8G   23M  9.3G   1% /mnt
```
- Như vậy, viêc thực hiện resize online đã hoàn tất !








